// Jest Snapshot v1, https://goo.gl/fbAQLP

exports[`MobileApplication renders correctly 1`] = `
<View
  style={
    Array [
      Object {
        "flex": 1,
      },
      Object {
        "justifyContent": "center",
      },
      Object {
        "alignItems": "center",
      },
    ]
  }
>
  <Text>
    MobileApplication
  </Text>
</View>
`;
